SQL> connect sys as sysdba;
Connected.
SQL> create user user1, user2 identified by user1,user2;
create user user1, user2 identified by user1,user2
                 *
ERROR at line 1:
ORA-00922: missing or invalid option 


SQL> create user user1 identified by user1;

User created.

SQL> create user user2 identified by user2;

User created.

SQL> create role user1_role,user2_role;
create role user1_role,user2_role
                      *
ERROR at line 1:
ORA-00922: missing or invalid option 


SQL> create role user1_role;

Role created.

SQL> create role user2_role;

Role created.

SQL> grant user1_role,user2_role to user1, user2;

Grant succeeded.

SQL> grant create session, create table to user1_role,user2_role;

Grant succeeded.

SQL> alter user user1,user2 quota 500m,500m on system;
alter user user1,user2 quota 500m,500m on system
                             *
ERROR at line 1:
ORA-28151: more than one user name specified for command 


SQL> alter user user1,user2 quota 500m on system;
alter user user1,user2 quota 500m on system
                             *
ERROR at line 1:
ORA-28151: more than one user name specified for command 


SQL> alter user user1 quota 500m on system;

User altered.

SQL> alter user user2 quota 500m on system;

User altered.

SQL> connect;
Enter user-name: user1
Connected.
SQL> create table teacher(id number(2), name varchar2(8));

Table created.

SQL> insert into teacher(id, name) values(1, 'Roni');

1 row created.

SQL> insert into teacher(id, name) values(2, 'boni');

1 row created.

SQL> insert into teacher(id, name) values(3, 'joni');

1 row created.

SQL> select * from teacher;

        ID NAME                                                                 
---------- --------                                                             
         1 Roni                                                                 
         2 boni                                                                 
         3 joni                                                                 

SQL> connect;
Enter user-name: user2
ERROR:
ORA-01017: invalid username/password; logon denied 


Warning: You are no longer connected to ORACLE.
SQL> connect;
Enter user-name: user2
Connected.
SQL> create table student(id number(2), name varchar2(8));

Table created.

SQL> insert into student(id, name) values(1, 'eyma');

1 row created.

SQL> insert into student(id, name) values(, 'jyma');
insert into student(id, name) values(, 'jyma')
                                     *
ERROR at line 1:
ORA-00936: missing expression 


SQL> insert into student(id, name) values(2, 'jyma');

1 row created.

SQL> insert into student(id, name) values(3, 'kyma');

1 row created.

SQL> select* from student;

        ID NAME                                                                 
---------- --------                                                             
         1 eyma                                                                 
         2 jyma                                                                 
         3 kyma                                                                 

SQL> connect sys as sysdba;
Connected.
SQL> grant select, insert on user2.student to user1 with grant option;

Grant succeeded.

SQL> connect;
Enter user-name: user1
Connected.
SQL> select * from user2.student;

        ID NAME                                                                 
---------- --------                                                             
         1 eyma                                                                 
         2 jyma                                                                 
         3 kyma                                                                 

SQL> insert into user1.student(id, name) values(4, 'tyma');
insert into user1.student(id, name) values(4, 'tyma')
                  *
ERROR at line 1:
ORA-00942: table or view does not exist 


SQL> insert into user2.student(id, name) values(4, 'tyma');

1 row created.

SQL> select * from user2.student;

        ID NAME                                                                 
---------- --------                                                             
         1 eyma                                                                 
         2 jyma                                                                 
         3 kyma                                                                 
         4 tyma                                                                 

SQL> spool off;
