SQL> connect sys as sysdba;
Connected.
SQL> create user zyx identified by zyx;

User created.

SQL> connect;
Enter user-name: zyx
ERROR:
ORA-01045: user ZYX lacks CREATE SESSION privilege; logon denied 


Warning: You are no longer connected to ORACLE.
SQL> connect sys as sysdba;
Connected.
SQL> grant create session to zyx;

Grant succeeded.

SQL> connect;
Enter user-name: zyx;
ERROR:
ORA-01017: invalid username/password; logon denied 


Warning: You are no longer connected to ORACLE.
SQL> connect;
Enter user-name: zyx;
ERROR:
ORA-01017: invalid username/password; logon denied 


SQL> connect;
Enter user-name: zyx;
ERROR:
ORA-01017: invalid username/password; logon denied 


SQL> connect;
Enter user-name: zyx
Connected.
SQL> create table test(id number(1), name varchar2(8));
create table test(id number(1), name varchar2(8))
*
ERROR at line 1:
ORA-01031: insufficient privileges 


SQL> connect sys as sysdba;
Connected.
SQL> grant create table to zyx;

Grant succeeded.

SQL> connect;
Enter user-name: zyx
Connected.
SQL> create table test(id number(1), name varchar2(8));
create table test(id number(1), name varchar2(8))
*
ERROR at line 1:
ORA-01950: no privileges on tablespace 'SYSTEM' 


SQL> connect sys as sysdba;
Connected.
SQL> alter user zyx quota 500m on system;

User altered.

SQL> connect;
Enter user-name: zyx
Connected.
SQL> create table test(id number(1), name varchar2(8));

Table created.

SQL> connect sys as sysdba;
Connected.
SQL> create user zyx2 identified zyx2;
create user zyx2 identified zyx2
                            *
ERROR at line 1:
ORA-00924: missing BY keyword 


SQL> create user zyx2 identified by zyx2;

User created.

SQL> create role manager;
create role manager
            *
ERROR at line 1:
ORA-01921: role name 'MANAGER' conflicts with another user or role name 


SQL> create role manag;

Role created.

SQL> grant manag to zyx2;

Grant succeeded.

SQL> grant create session, create table, create view to manag;

Grant succeeded.

SQL> alter user zyx2 quota 500m on system;

User altered.

SQL> connect;
Enter user-name: zyx2
Connected.
SQL> create table test1(id number(1), name varchar2(8));

Table created.

SQL> insert into test1(id, name) values(1, 'bila');

1 row created.

SQL> insert into test1(id, name) values(2, 'kila');

1 row created.

SQL> insert into test1(id, name) values(3, 'mila');

1 row created.

SQL> select * from test1;

        ID NAME                                                                 
---------- --------                                                             
         1 bila                                                                 
         2 kila                                                                 
         3 mila                                                                 

SQL> connect;
Enter user-name: zyx
Connected.
SQL> select * from test;

no rows selected

SQL> insert into test1(id, name) values(1, 'toma');
insert into test1(id, name) values(1, 'toma')
            *
ERROR at line 1:
ORA-00942: table or view does not exist 


SQL> insert into test(id, name) values(1, 'toma');

1 row created.

SQL> insert into test(id, name) values(2, 'moma');

1 row created.

SQL> insert into test(id, name) values(3, 'joma');

1 row created.

SQL> select * from test;

        ID NAME                                                                 
---------- --------                                                             
         1 toma                                                                 
         2 moma                                                                 
         3 joma                                                                 

SQL> create view t_vw as select * from test;
create view t_vw as select * from test
            *
ERROR at line 1:
ORA-01031: insufficient privileges 


SQL> connect;
Enter user-name: zyx1
ERROR:
ORA-01017: invalid username/password; logon denied 


Warning: You are no longer connected to ORACLE.
SQL> connect;
Enter user-name: zyx2
Connected.
SQL> create view t_vw as select * from test;
create view t_vw as select * from test
                                  *
ERROR at line 1:
ORA-00942: table or view does not exist 


SQL> create view t_vw as select * from test1;

View created.

SQL> select * from t_vw;

        ID NAME                                                                 
---------- --------                                                             
         1 bila                                                                 
         2 kila                                                                 
         3 mila                                                                 

SQL> revoke create view from manag;
revoke create view from manag
*
ERROR at line 1:
ORA-01031: insufficient privileges 


SQL> connect sys as sysdba;
Connected.
SQL> revoke create view from manag;

Revoke succeeded.

SQL> connect;
Enter user-name: zyx2
Connected.
SQL> insert into tet(id, name) values(1, 'toma');
insert into tet(id, name) values(1, 'toma')
            *
ERROR at line 1:
ORA-00942: table or view does not exist 


SQL> create table txt(id number(1), name varchar2(8));

Table created.

SQL> insert into txt(id, name) values(1, 'toma');

1 row created.

SQL> create view t_vw as select * from txt;
create view t_vw as select * from txt
            *
ERROR at line 1:
ORA-01031: insufficient privileges 


SQL> create view txt_vw as select * from txt;
create view txt_vw as select * from txt
            *
ERROR at line 1:
ORA-01031: insufficient privileges 


SQL> connect sys as sysdba;
Connected.
SQL> grant select on zyx.test to zyx2;

Grant succeeded.

SQL> connect;
Enter user-name: zyx2
Connected.
SQL> select * from zyx.test;

        ID NAME                                                                 
---------- --------                                                             
         1 toma                                                                 
         2 moma                                                                 
         3 joma                                                                 

SQL> select * from user_sys_privs;

no rows selected

SQL> select * from user_tab_privs;

GRANTEE                        OWNER                                            
------------------------------ ------------------------------                   
TABLE_NAME                     GRANTOR                                          
------------------------------ ------------------------------                   
PRIVILEGE                                GRA HIE                                
---------------------------------------- --- ---                                
ZYX2                           ZYX                                              
TEST                           ZYX                                              
SELECT                                   NO  NO                                 
                                                                                

SQL> select * from user_role_privs;

USERNAME                       GRANTED_ROLE                   ADM DEF OS_       
------------------------------ ------------------------------ --- --- ---       
ZYX2                           MANAG                          NO  YES NO        

SQL> spool off;
