
SQL*Plus: Release 11.2.0.2.0 Production on Sat Aug 18 11:02:55 2018

Copyright (c) 1982, 2014, Oracle.  All rights reserved.

SQL> connect sys as sysdba;
Enter password:
Connected.
SQL> create user korbani identified by sys;

User created.

SQL> grant dba to korbani;

Grant succeeded.

SQL> connect;
Enter user-name: korbani
Enter password:
Connected.
SQL> create table customer(c_id number(2) primary key, c_name varchar2(8) not null, mobile number(11) unique, country varchar2(12) default 'BD');

Table created.

SQL> create sequence cus_seq increment by 1 start with 1 nomaxvalue nominvalue nocycle oncache;
create sequence cus_seq increment by 1 start with 1 nomaxvalue nominvalue nocycle oncache
                                                                                  *
ERROR at line 1:
ORA-00933: SQL command not properly ended


SQL> create sequence cus_seq increment by 1 start with 1 nomaxvalue nominvalue nocycle nocache;

Sequence created.

SQL> create table customer_backup as select * from customer;

Table created.

SQL> insert into customer(cus_seq.nextval, 'Rina', 017223223, 'India');
insert into customer(cus_seq.nextval, 'Rina', 017223223, 'India')
                                      *
ERROR at line 1:
ORA-01747: invalid user.table.column, table.column, or column specification


SQL> insert into customer values(cus_seq.nextval, 'Rina', 017223223, 'India');

1 row created.

SQL> insert into customer values(cus_seq.nextval, 'Bina', 01565555);
insert into customer values(cus_seq.nextval, 'Bina', 01565555)
            *
ERROR at line 1:
ORA-00947: not enough values


SQL> insert into customer values(cus_seq.nextval, 'Bina', 01565555, '');

1 row created.

SQL> insert into customer values(cus_seq.nextval, 'Tina', 02132555, '');

1 row created.

SQL> insert into customer values(cus_seq.nextval, 'Rima', 023483555, '');

1 row created.

SQL> select * from customer;

      C_ID C_NAME       MOBILE COUNTRY
---------- -------- ---------- ------------
         1 Rina       17223223 India
         2 Bina        1565555
         3 Tina        2132555
         4 Rima       23483555

SQL> create or replace trigger customer_after_insert after insert customer for each row
  2  declare
  3  begin
  4  insert into customer_backup values (:new.c_id, :new.c_name, :new.mobile, :new.country,);
  5  dbms_output.put_line('trigger successful');
  6  end;
  7  /
create or replace trigger customer_after_insert after insert customer for each row
                                                             *
ERROR at line 1:
ORA-00969: missing ON keyword


SQL> create or replace trigger customer_after_insert after insert on customer for each row
  2  declare
  3  begin
  4  insert into customer_backup values (:new.c_id, :new.c_name, :new.mobile, :new.country,);
  5  dbms_output.put_line('trigger successful');
  6  end;
  7  /

Warning: Trigger created with compilation errors.

SQL> create or replace trigger customer_after_insert after insert customer for each row
  2  declare
  3  begin
  4  insert into customer_backup values (:new.c_id, :new.c_name, :new.mobile, :new.country);
  5  dbms_output.put_line('trigger successful');
  6  end;
  7  /
create or replace trigger customer_after_insert after insert customer for each row
                                                             *
ERROR at line 1:
ORA-00969: missing ON keyword


SQL> create or replace trigger customer_after_insert after insert on customer for each row
  2  declare
  3  begin
  4  insert into customer_backup values (:new.c_id, :new.c_name, :new.mobile, :new.country);
  5  dbms_output.put_line('trigger successful');
  6  end;
  7  /

Trigger created.

SQL> insert into customer values(cus_seq.nextval, 'pina', 02132555, 'Russia');
insert into customer values(cus_seq.nextval, 'pina', 02132555, 'Russia')
*
ERROR at line 1:
ORA-00001: unique constraint (KORBANI.SYS_C007308) violated


SQL> insert into customer values(cus_seq.nextval, 'pina', 02144343, 'Russia');

1 row created.

SQL> select * from customer_backup;

      C_ID C_NAME       MOBILE COUNTRY
---------- -------- ---------- ------------
         6 pina        2144343 Russia

SQL> select * from customer;

      C_ID C_NAME       MOBILE COUNTRY
---------- -------- ---------- ------------
         1 Rina       17223223 India
         2 Bina        1565555
         3 Tina        2132555
         4 Rima       23483555
         6 pina        2144343 Russia

SQL>