SQL> connect;
Enter user-name: xyz
Connected.
SQL> select table_name from user_tables;

TABLE_NAME                                                                      
------------------------------                                                  
TEST                                                                            

SQL> describe test;
 Name                                      Null?    Type
 ----------------------------------------- -------- ----------------------------
 ID                                        NOT NULL NUMBER(2)
 NAME                                      NOT NULL VARCHAR2(12)

SQL> alter table test modify (id number(3) primary key);
alter table test modify (id number(3) primary key)
                                      *
ERROR at line 1:
ORA-02260: table can have only one primary key 


SQL> alter table test modify (id number(3));

Table altered.

SQL> alter table test (email varchar2(12), phone_number(11));
alter table test (email varchar2(12), phone_number(11))
                 *
ERROR at line 1:
ORA-01735: invalid ALTER TABLE option 


SQL> alter table test modify (email varchar2(12), phone_number(11));
alter table test modify (email varchar2(12), phone_number(11))
                                                         *
ERROR at line 1:
ORA-00902: invalid datatype 


SQL> alter table test modify (email varchar2(12), phone_number number(11));
alter table test modify (email varchar2(12), phone_number number(11))
                         *
ERROR at line 1:
ORA-00904: "EMAIL": invalid identifier 


SQL> describe test;
 Name                                      Null?    Type
 ----------------------------------------- -------- ----------------------------
 ID                                        NOT NULL NUMBER(3)
 NAME                                      NOT NULL VARCHAR2(12)

SQL> alter table test add(id number(3) primary key);
alter table test add(id number(3) primary key)
                     *
ERROR at line 1:
ORA-01430: column being added already exists in table 


SQL> alter table test add(email varchar2(12), phone_number number(11));

Table altered.

SQL> describe test;
 Name                                      Null?    Type
 ----------------------------------------- -------- ----------------------------
 ID                                        NOT NULL NUMBER(3)
 NAME                                      NOT NULL VARCHAR2(12)
 EMAIL                                              VARCHAR2(12)
 PHONE_NUMBER                                       NUMBER(11)

SQL> alter table test modify(phone_number number(12));

Table altered.

SQL> describe test;
 Name                                      Null?    Type
 ----------------------------------------- -------- ----------------------------
 ID                                        NOT NULL NUMBER(3)
 NAME                                      NOT NULL VARCHAR2(12)
 EMAIL                                              VARCHAR2(12)
 PHONE_NUMBER                                       NUMBER(12)

SQL> alter table test drop email;
alter table test drop email
                      *
ERROR at line 1:
ORA-00905: missing keyword 


SQL> alter table test modify(phone_number number(12) unique);

Table altered.

SQL> alter table test drop email;
alter table test drop email
                      *
ERROR at line 1:
ORA-00905: missing keyword 


SQL> alter table test drop column email;

Table altered.

SQL> describe test;
 Name                                      Null?    Type
 ----------------------------------------- -------- ----------------------------
 ID                                        NOT NULL NUMBER(3)
 NAME                                      NOT NULL VARCHAR2(12)
 PHONE_NUMBER                                       NUMBER(12)

SQL> create table dep (dep_id number(2) primary key, dep_name varchar2(11));

Table created.

SQL> create table emp(emp_id number(2) primary key, emp_name varchar2(11), dep_id number(2), constraint emp_dep_fk foreign key (dep_id) references dep on delete cascade);

Table created.

SQL> insert into dep (dep_id, dep_name) values(10, 'Admin');

1 row created.

SQL> insert into dep (dep_id, dep_name) values(20, 'software');

1 row created.

SQL> select * from dep;

    DEP_ID DEP_NAME                                                             
---------- -----------                                                          
        10 Admin                                                                
        20 software                                                             

SQL> insert into emp(emp_id, emp_name, dep_id) values(1, 'King', 10);

1 row created.

SQL> insert into emp(emp_id, emp_name, dep_id) values(2, 'Bing', 10);

1 row created.

SQL> insert into emp(emp_id, emp_name, dep_id) values(3, 'Ting', 10);

1 row created.

SQL> insert into emp(emp_id, emp_name, dep_id) values(4, 'Arifin', 20);

1 row created.

SQL> select * from emp;

    EMP_ID EMP_NAME        DEP_ID                                               
---------- ----------- ----------                                               
         1 King                10                                               
         2 Bing                10                                               
         3 Ting                10                                               
         4 Arifin              20                                               

SQL> alter table emp rename column emp_name='Arifin' to emp_name = 'Arifing';
alter table emp rename column emp_name='Arifin' to emp_name = 'Arifing'
                                      *
ERROR at line 1:
ORA-00946: missing TO keyword 


SQL> update emp set emp_name = 'Arifing' where emp_id=4;

1 row updated.

SQL> select * from emp;

    EMP_ID EMP_NAME        DEP_ID                                               
---------- ----------- ----------                                               
         1 King                10                                               
         2 Bing                10                                               
         3 Ting                10                                               
         4 Arifing             20                                               

SQL> delete from dep where id = 10;
delete from dep where id = 10
                      *
ERROR at line 1:
ORA-00904: "ID": invalid identifier 


SQL> delete from dep where dep_id = 10;

1 row deleted.

SQL> select * from emp;

    EMP_ID EMP_NAME        DEP_ID                                               
---------- ----------- ----------                                               
         4 Arifing             20                                               

SQL> select * from dep;

    DEP_ID DEP_NAME                                                             
---------- -----------                                                          
        20 software                                                             

SQL> spool off;
