SQL> connect sys as sysdba;
Connected.
SQL> connect;
Enter user-name: eid5
ERROR:
ORA-01045: user EID5 lacks CREATE SESSION privilege; logon denied 


Warning: You are no longer connected to ORACLE.
SQL> cteate user eid5 identified by eid5;
SP2-0734: unknown command beginning "cteate use..." - rest of line ignored.
SQL> create user eid5 identified by eid5;
SP2-0640: Not connected
SQL> connect sys as sysdba;
Connected.
SQL> cteate user eid5 identified by eid5;
SP2-0734: unknown command beginning "cteate use..." - rest of line ignored.
SQL> create user eid5 identified by eid5;
create user eid5 identified by eid5
            *
ERROR at line 1:
ORA-01920: user name 'EID5' conflicts with another user or role name 


SQL> create user eid6 identified by eid6;

User created.

SQL> connect;
Enter user-name: eid6
ERROR:
ORA-01045: user EID6 lacks CREATE SESSION privilege; logon denied 


Warning: You are no longer connected to ORACLE.
SQL> connect sys as sysdba;
Connected.
SQL> grant dba to eid6;

Grant succeeded.

SQL> connect;
Enter user-name: eid6
Connected.
SQL> create table departments(dep_id number(2) primary key, dep_name varchar2(12) not null);

Table created.

SQL> create table employees(emp_id number(3) primary key, emp_name varchar2(8) not null, mobile number(11) unique, salary number(7,2) check(salary > 10000), joining_date date default sysdate, country varchar2(12) default 'BD', dep_id number(3), constraint emp_dep_fk foreign key references department on delete cascade);
create table employees(emp_id number(3) primary key, emp_name varchar2(8) not null, mobile number(11) unique, salary number(7,2) check(salary > 10000), joining_date date default sysdate, country varchar2(12) default 'BD', dep_id number(3), constraint emp_dep_fk foreign key references department on delete cascade)
                                                                                                                                                                                                                                                                                  *
ERROR at line 1:
ORA-00906: missing left parenthesis 


SQL> create table employees(emp_id number(3) primary key, emp_name varchar2(8) not null, mobile number(11) unique, salary number(7,2) check(salary > 10000), joining_date date default sysdate, country varchar2(12) default 'BD', dep_id number(3), constraint emp_dep_fk foreign key references departments on delete cascade);
create table employees(emp_id number(3) primary key, emp_name varchar2(8) not null, mobile number(11) unique, salary number(7,2) check(salary > 10000), joining_date date default sysdate, country varchar2(12) default 'BD', dep_id number(3), constraint emp_dep_fk foreign key references departments on delete cascade)
                                                                                                                                                                                                                                                                                  *
ERROR at line 1:
ORA-00906: missing left parenthesis 


SQL> create table employees(emp_id number(3) primary key, emp_name varchar2(8) not null, mobile number(11) unique, salary number(7,2) check(salary > 10000), joining_date date default sysdate, country varchar2(12) default 'BD', dep_id number(3), constraint emp_dep_fk foreign key (dep_id) references departments on delete cascade);

Table created.

SQL> describe departments;
 Name                                      Null?    Type
 ----------------------------------------- -------- ----------------------------
 DEP_ID                                    NOT NULL NUMBER(2)
 DEP_NAME                                  NOT NULL VARCHAR2(12)

SQL> describe employees;
 Name                                      Null?    Type
 ----------------------------------------- -------- ----------------------------
 EMP_ID                                    NOT NULL NUMBER(3)
 EMP_NAME                                  NOT NULL VARCHAR2(8)
 MOBILE                                             NUMBER(11)
 SALARY                                             NUMBER(7,2)
 JOINING_DATE                                       DATE
 COUNTRY                                            VARCHAR2(12)
 DEP_ID                                             NUMBER(3)

SQL> selsct index_name from user_indexes;
SP2-0734: unknown command beginning "selsct ind..." - rest of line ignored.
SQL> select index_name from user_indexes;

INDEX_NAME                                                                      
------------------------------                                                  
SYS_C007344                                                                     
SYS_C007347                                                                     
SYS_C007348                                                                     

SQL> create index inx_dep on departments (dep_name);

Index created.

SQL> select index_name from user_indexes;

INDEX_NAME                                                                      
------------------------------                                                  
SYS_C007344                                                                     
SYS_C007347                                                                     
SYS_C007348                                                                     
INX_DEP                                                                         

SQL> create sequence seq_dep increment by 10 start with 10 nomaxvalue nocycle nocache;

Sequence created.

SQL> create sequence seq_emp increment by 4 start with 1 no maxvalue nocycle nocache;
create sequence seq_emp increment by 4 start with 1 no maxvalue nocycle nocache
                                                    *
ERROR at line 1:
ORA-00933: SQL command not properly ended 


SQL> create sequence seq_emp increment by 4 start with 1 nomaxvalue nocycle nocache;

Sequence created.

SQL> select sequence_name from user_sequences;

SEQUENCE_NAME                                                                   
------------------------------                                                  
SEQ_DEP                                                                         
SEQ_EMP                                                                         

SQL> insert into department(dep_id, dep_name) values(seq_dep.nextval, 'Admin');
insert into department(dep_id, dep_name) values(seq_dep.nextval, 'Admin')
            *
ERROR at line 1:
ORA-00942: table or view does not exist 


SQL> insert into departments(dep_id, dep_name) values(seq_dep.nextval, 'Admin');

1 row created.

SQL> insert into departments(dep_id, dep_name) values(seq_dep.nextval, 'Software');

1 row created.

SQL> insert into departments(dep_id, dep_name) values(seq_dep.nextval, 'Marketing');

1 row created.

SQL> select * from departments;

    DEP_ID DEP_NAME                                                             
---------- ------------                                                         
        10 Admin                                                                
        20 Software                                                             
        30 Marketing                                                            

SQL> create view vw_dep as select * from departments;

View created.

SQL> select view_name from user_views;

VIEW_NAME                                                                       
------------------------------                                                  
VW_DEP                                                                          

SQL> create synonym syn_dep for departments;

Synonym created.

SQL> create synonym syn_vw_dep for vw_dep;

Synonym created.

SQL> select * from syn_dep;

    DEP_ID DEP_NAME                                                             
---------- ------------                                                         
        10 Admin                                                                
        20 Software                                                             
        30 Marketing                                                            

SQL> select * from syn_vw_dep;

    DEP_ID DEP_NAME                                                             
---------- ------------                                                         
        10 Admin                                                                
        20 Software                                                             
        30 Marketing                                                            

SQL> select index_name from user_indexes;

INDEX_NAME                                                                      
------------------------------                                                  
SYS_C007344                                                                     
SYS_C007347                                                                     
SYS_C007348                                                                     
INX_DEP                                                                         

SQL> create index inx_dep on employees (emp_name);
create index inx_dep on employees (emp_name)
             *
ERROR at line 1:
ORA-00955: name is already used by an existing object 


SQL> create index inx_emp on employees (emp_name);

Index created.

SQL> select index_name from user_indexes;

INDEX_NAME                                                                      
------------------------------                                                  
SYS_C007344                                                                     
SYS_C007347                                                                     
SYS_C007348                                                                     
INX_DEP                                                                         
INX_EMP                                                                         

SQL> insert into employees(emp_id, emp_name, mobile,salary, joining_date, country,dep_id) values(seq_emp.nextval, 'King',0198273627, 12000, '1/4/2010', 'USA',20);
insert into employees(emp_id, emp_name, mobile,salary, joining_date, country,dep_id) values(seq_emp.nextval, 'King',0198273627, 12000, '1/4/2010', 'USA',20)
                                                                                                                                       *
ERROR at line 1:
ORA-01843: not a valid month 


SQL> insert into employees(emp_id, emp_name, mobile,salary, joining_date, country,dep_id) values(seq_emp.nextval, 'King',0198273627, 12000, '1-may-2010', 'USA',20);

1 row created.

SQL> insert into employees(emp_id, emp_name, mobile,salary, joining_date, country,dep_id) values(seq_emp.nextval, 'Bing',01364327, 13000, 'US',30);
insert into employees(emp_id, emp_name, mobile,salary, joining_date, country,dep_id) values(seq_emp.nextval, 'Bing',01364327, 13000, 'US',30)
                                                                                     *
ERROR at line 1:
ORA-00947: not enough values 


SQL> insert into employees(emp_id, emp_name, mobile,salary, country,dep_id) values(seq_emp.nextval, 'Bing',01364327, 13000, 'US',30);

1 row created.

SQL> insert into employees(emp_id, emp_name, mobile,salary, joining_date,dep_id) values(seq_emp.nextval, 'Ting',015453627, 14000, '1-jun-2006',20);

1 row created.

SQL> insert into employees(emp_id, emp_name, mobile,salary, joining_date, country,dep_id) values(seq_emp.nextval, 'Zing',017283627, 15000, '1-oct-2003', 'PK',10);

1 row created.

SQL> insert into employees(emp_id, emp_name, mobile,salary, joining_date, country,dep_id) values(seq_emp.nextval, 'Arifing',017323282, 16000, '1-nov-2009', 'USA',30);

1 row created.

SQL> select * from employees;

    EMP_ID EMP_NAME     MOBILE     SALARY JOINING_D COUNTRY          DEP_ID     
---------- -------- ---------- ---------- --------- ------------ ----------     
         5 King      198273627      12000 01-MAY-10 USA                  20     
         9 Bing        1364327      13000 21-AUG-18 US                   30     
        13 Ting       15453627      14000 01-JUN-06 BD                   20     
        17 Zing       17283627      15000 01-OCT-03 PK                   10     
        21 Arifing    17323282      16000 01-NOV-09 USA                  30     

SQL> create view vw_emp as select * from employees;

View created.

SQL> select view_name from user_views;

VIEW_NAME                                                                       
------------------------------                                                  
VW_DEP                                                                          
VW_EMP                                                                          

SQL> create synonym syn_emp for employees;

Synonym created.

SQL> create synonym syn_vw_emp for syn_vw;

Synonym created.

SQL> select * from syn_emp;

    EMP_ID EMP_NAME     MOBILE     SALARY JOINING_D COUNTRY          DEP_ID     
---------- -------- ---------- ---------- --------- ------------ ----------     
         5 King      198273627      12000 01-MAY-10 USA                  20     
         9 Bing        1364327      13000 21-AUG-18 US                   30     
        13 Ting       15453627      14000 01-JUN-06 BD                   20     
        17 Zing       17283627      15000 01-OCT-03 PK                   10     
        21 Arifing    17323282      16000 01-NOV-09 USA                  30     

SQL> select * from syn_vw_emp;
select * from syn_vw_emp
              *
ERROR at line 1:
ORA-00980: synonym translation is no longer valid 


SQL> create synonym syn_vw_emp for vw_emp;
create synonym syn_vw_emp for vw_emp
               *
ERROR at line 1:
ORA-00955: name is already used by an existing object 


SQL> create synonym syno_vw_emp for vw_emp;

Synonym created.

SQL> select * from syno_vw_emp;

    EMP_ID EMP_NAME     MOBILE     SALARY JOINING_D COUNTRY          DEP_ID     
---------- -------- ---------- ---------- --------- ------------ ----------     
         5 King      198273627      12000 01-MAY-10 USA                  20     
         9 Bing        1364327      13000 21-AUG-18 US                   30     
        13 Ting       15453627      14000 01-JUN-06 BD                   20     
        17 Zing       17283627      15000 01-OCT-03 PK                   10     
        21 Arifing    17323282      16000 01-NOV-09 USA                  30     

SQL> select synonym_name from user_synonyms;

SYNONYM_NAME                                                                    
------------------------------                                                  
SYNO_VW_EMP                                                                     
SYN_DEP                                                                         
SYN_EMP                                                                         
SYN_VW_DEP                                                                      
SYN_VW_EMP                                                                      

SQL> update departments set dep_name = 'Sales' where dep_id = 30;

1 row updated.

SQL> select * from vw_dep;

    DEP_ID DEP_NAME                                                             
---------- ------------                                                         
        10 Admin                                                                
        20 Software                                                             
        30 Sales                                                                

SQL> alter table employees add email number2(11) unique;
alter table employees add email number2(11) unique
                                        *
ERROR at line 1:
ORA-01735: invalid ALTER TABLE option 


SQL> alter table employees add (email number2(11) unique);
alter table employees add (email number2(11) unique)
                                        *
ERROR at line 1:
ORA-00907: missing right parenthesis 


SQL> alter table employees add (email varchar2(11) unique);

Table altered.

SQL> update emoployees set email where emp_id = 5;
update emoployees set email where emp_id = 5
                            *
ERROR at line 1:
ORA-00927: missing equal sign 


SQL> update emoployees set email= 'king@gmail.com' where emp_id = 5;
update emoployees set email= 'king@gmail.com' where emp_id = 5
       *
ERROR at line 1:
ORA-00942: table or view does not exist 


SQL> update employees set email= 'king@gmail.com' where emp_id = 5;
update employees set email= 'king@gmail.com' where emp_id = 5
                            *
ERROR at line 1:
ORA-12899: value too large for column "EID6"."EMPLOYEES"."EMAIL" (actual: 14, 
maximum: 11) 


SQL> update employees set email= 'k@gmail.com' where emp_id = 5;

1 row updated.

SQL> update employees set email= 'b@gmail.com' where emp_id = 9;

1 row updated.

SQL> select * from vw_emp;

    EMP_ID EMP_NAME     MOBILE     SALARY JOINING_D COUNTRY          DEP_ID     
---------- -------- ---------- ---------- --------- ------------ ----------     
         5 King      198273627      12000 01-MAY-10 USA                  20     
         9 Bing        1364327      13000 21-AUG-18 US                   30     
        13 Ting       15453627      14000 01-JUN-06 BD                   20     
        17 Zing       17283627      15000 01-OCT-03 PK                   10     
        21 Arifing    17323282      16000 01-NOV-09 USA                  30     

SQL> select * from employees;

    EMP_ID EMP_NAME     MOBILE     SALARY JOINING_D COUNTRY          DEP_ID     
---------- -------- ---------- ---------- --------- ------------ ----------     
EMAIL                                                                           
-----------                                                                     
         5 King      198273627      12000 01-MAY-10 USA                  20     
k@gmail.com                                                                     
                                                                                
         9 Bing        1364327      13000 21-AUG-18 US                   30     
b@gmail.com                                                                     
                                                                                
        13 Ting       15453627      14000 01-JUN-06 BD                   20     
                                                                                
                                                                                

    EMP_ID EMP_NAME     MOBILE     SALARY JOINING_D COUNTRY          DEP_ID     
---------- -------- ---------- ---------- --------- ------------ ----------     
EMAIL                                                                           
-----------                                                                     
        17 Zing       17283627      15000 01-OCT-03 PK                   10     
                                                                                
                                                                                
        21 Arifing    17323282      16000 01-NOV-09 USA                  30     
                                                                                
                                                                                

SQL> select * from vw_emp;

    EMP_ID EMP_NAME     MOBILE     SALARY JOINING_D COUNTRY          DEP_ID     
---------- -------- ---------- ---------- --------- ------------ ----------     
         5 King      198273627      12000 01-MAY-10 USA                  20     
         9 Bing        1364327      13000 21-AUG-18 US                   30     
        13 Ting       15453627      14000 01-JUN-06 BD                   20     
        17 Zing       17283627      15000 01-OCT-03 PK                   10     
        21 Arifing    17323282      16000 01-NOV-09 USA                  30     

SQL> update employees set email= 't@gmail.com' where emp_id = 13;

1 row updated.

SQL> update employees set email= 'z@gmail.com' where emp_id = 17;

1 row updated.

SQL> update employees set email= 'a@gmail.com' where emp_id = 21;

1 row updated.

SQL> select * from vw_emp;

    EMP_ID EMP_NAME     MOBILE     SALARY JOINING_D COUNTRY          DEP_ID     
---------- -------- ---------- ---------- --------- ------------ ----------     
         5 King      198273627      12000 01-MAY-10 USA                  20     
         9 Bing        1364327      13000 21-AUG-18 US                   30     
        13 Ting       15453627      14000 01-JUN-06 BD                   20     
        17 Zing       17283627      15000 01-OCT-03 PK                   10     
        21 Arifing    17323282      16000 01-NOV-09 USA                  30     

SQL> select * from employees;

    EMP_ID EMP_NAME     MOBILE     SALARY JOINING_D COUNTRY          DEP_ID     
---------- -------- ---------- ---------- --------- ------------ ----------     
EMAIL                                                                           
-----------                                                                     
         5 King      198273627      12000 01-MAY-10 USA                  20     
k@gmail.com                                                                     
                                                                                
         9 Bing        1364327      13000 21-AUG-18 US                   30     
b@gmail.com                                                                     
                                                                                
        13 Ting       15453627      14000 01-JUN-06 BD                   20     
t@gmail.com                                                                     
                                                                                

    EMP_ID EMP_NAME     MOBILE     SALARY JOINING_D COUNTRY          DEP_ID     
---------- -------- ---------- ---------- --------- ------------ ----------     
EMAIL                                                                           
-----------                                                                     
        17 Zing       17283627      15000 01-OCT-03 PK                   10     
z@gmail.com                                                                     
                                                                                
        21 Arifing    17323282      16000 01-NOV-09 USA                  30     
a@gmail.com                                                                     
                                                                                

SQL> delect from employees email where emp_id = 13;
SP2-0734: unknown command beginning "delect fro..." - rest of line ignored.
SQL> delete from employees email where emp_id = 13;

1 row deleted.

SQL> select * from employees;

    EMP_ID EMP_NAME     MOBILE     SALARY JOINING_D COUNTRY          DEP_ID     
---------- -------- ---------- ---------- --------- ------------ ----------     
EMAIL                                                                           
-----------                                                                     
         5 King      198273627      12000 01-MAY-10 USA                  20     
k@gmail.com                                                                     
                                                                                
         9 Bing        1364327      13000 21-AUG-18 US                   30     
b@gmail.com                                                                     
                                                                                
        17 Zing       17283627      15000 01-OCT-03 PK                   10     
z@gmail.com                                                                     
                                                                                

    EMP_ID EMP_NAME     MOBILE     SALARY JOINING_D COUNTRY          DEP_ID     
---------- -------- ---------- ---------- --------- ------------ ----------     
EMAIL                                                                           
-----------                                                                     
        21 Arifing    17323282      16000 01-NOV-09 USA                  30     
a@gmail.com                                                                     
                                                                                

SQL> select * from vw_emp;

    EMP_ID EMP_NAME     MOBILE     SALARY JOINING_D COUNTRY          DEP_ID     
---------- -------- ---------- ---------- --------- ------------ ----------     
         5 King      198273627      12000 01-MAY-10 USA                  20     
         9 Bing        1364327      13000 21-AUG-18 US                   30     
        17 Zing       17283627      15000 01-OCT-03 PK                   10     
        21 Arifing    17323282      16000 01-NOV-09 USA                  30     

SQL> update employees set dep_id=30  where emp_id = 5;

1 row updated.

SQL> select * from employees;

    EMP_ID EMP_NAME     MOBILE     SALARY JOINING_D COUNTRY          DEP_ID     
---------- -------- ---------- ---------- --------- ------------ ----------     
EMAIL                                                                           
-----------                                                                     
         5 King      198273627      12000 01-MAY-10 USA                  30     
k@gmail.com                                                                     
                                                                                
         9 Bing        1364327      13000 21-AUG-18 US                   30     
b@gmail.com                                                                     
                                                                                
        17 Zing       17283627      15000 01-OCT-03 PK                   10     
z@gmail.com                                                                     
                                                                                

    EMP_ID EMP_NAME     MOBILE     SALARY JOINING_D COUNTRY          DEP_ID     
---------- -------- ---------- ---------- --------- ------------ ----------     
EMAIL                                                                           
-----------                                                                     
        21 Arifing    17323282      16000 01-NOV-09 USA                  30     
a@gmail.com                                                                     
                                                                                

SQL> delete from employees email;

4 rows deleted.

SQL> select * from employees;

no rows selected

SQL> spool off;
