
SQL*Plus: Release 11.2.0.2.0 Production on Wed Sep 5 12:24:11 2018

Copyright (c) 1982, 2014, Oracle.  All rights reserved.

SQL> connect sys as sysdba;
Enter password:
Connected.
SQL> create user sky identified by sky;

User created.

SQL> grant dba to sky;

Grant succeeded.

SQL> connect;
Enter user-name: sky
Enter password:
Connected.
SQL> create table customer(id number(2) primary key, name varchar2(12), address varchar2(12), payment number(3));

Table created.

SQL> create table cus_bakup as select from customer;
create table cus_bakup as select from customer
                                 *
ERROR at line 1:
ORA-00936: missing expression


SQL> create table cus_bakup as select * from customer;

Table created.

SQL> create or replace trigger cus_af_ins after insert on customer for each row
  2  declare
  3  begin
  4  insert into cus_backup values (:new.id, :new.name, :new.address, :new.payment);
  5  dbms_output.put_line('Trigger successful');
  6  end;
  7  /

Warning: Trigger created with compilation errors.

SQL> create or replace trigger custom_af_ins after insert on customer for each row
  2  declare
  3  begin
  4  insert into cus_backup values (:new.id, :new.name, :new.address, :new.payment);
  5  dbms_output.put_line('Trigger successful');
  6  end;
  7  /

Warning: Trigger created with compilation errors.

SQL> create or replace trigger custo_af_ins after insert on customer for each row
  2  declare
  3  begin
  4  insert into cus_bakup values (:new.id, :new.name, :new.address, :new.payment);
  5  dbms_output.put_line('Trigger successful');
  6  end;
  7  /

Trigger created.

SQL> insert into customer(id, name, address, payment) values(1, 'nila', 'mhgsdsd', null);
insert into customer(id, name, address, payment) values(1, 'nila', 'mhgsdsd', null)
            *
ERROR at line 1:
ORA-04098: trigger 'SKY.CUS_AF_INS' is invalid and failed re-validation


SQL> drop trigger cus_af_ins;

Trigger dropped.

SQL> insert into customer(id, name, address, payment) values(1, 'nila', 'mhgsdsd', null);
insert into customer(id, name, address, payment) values(1, 'nila', 'mhgsdsd', null)
            *
ERROR at line 1:
ORA-04098: trigger 'SKY.CUSTOM_AF_INS' is invalid and failed re-validation


SQL> drop trigger custom_af_ins;

Trigger dropped.

SQL> insert into customer(id, name, address, payment) values(1, 'nila', 'mhgsdsd', null);

1 row created.

SQL> insert into customer(id, name, address, payment) values(1, 'aian', 'mhgsdsd', 16000);
insert into customer(id, name, address, payment) values(1, 'aian', 'mhgsdsd', 16000)
                                                                              *
ERROR at line 1:
ORA-01438: value larger than specified precision allowed for this column


SQL> insert into customer(id, name, address, payment) values(1, 'aian', 'mhgsdsd', 160);
insert into customer(id, name, address, payment) values(1, 'aian', 'mhgsdsd', 160)
*
ERROR at line 1:
ORA-00001: unique constraint (SKY.SYS_C007327) violated


SQL> insert into customer(id, name, address, payment) values(2, 'arian', 'mhhd', 160);

1 row created.

SQL> insert into customer(id, name, address, payment) values(3, 'rian', 'mhhd', 160);

1 row created.

SQL> insert into customer(id, name, address, payment) values(4, 'mian', 'mhhd', 200);

1 row created.

SQL> create or replace procedure insertCustomer(
  2  p_id in customer.id%type,
  3  p_name in customer.name%type,
  4  p_address in customer.address%type,
  5  p_country in customer.country%type)
  6  is
  7  begin
  8  insert into customer(id, name, address, payment) values(p_id, p_name, p_address, p_payment);
  9  end
 10  /

Warning: Procedure created with compilation errors.

SQL> create or replace procedure insertCustomer(
  2  p_id in customer.id%type,
  3  p_name in customer.name%type,
  4  p_address in customer.address%type,
  5  p_payment in customer.payment%type)
  6  is
  7  begin
  8  insert into customer(id, name, address, payment) values(p_id, p_name, p_address, p_payment);
  9  end
 10  /

Warning: Procedure created with compilation errors.

SQL> create or replace procedure insertCustomer(
  2  p_id in customer.id%type,
  3  p_name in customer.name%type,
  4  p_address in customer.address%type,
  5  p_payment in customer.payment%type)
  6  is
  7  begin
  8  insert into customer(id, name, address, payment) values(p_id, p_name, p_address, p_payment);
  9  end;
 10  /

Procedure created.

SQL> select * from customer;

        ID NAME         ADDRESS         PAYMENT
---------- ------------ ------------ ----------
         1 nila         mhgsdsd
         2 arian        mhhd                160
         3 rian         mhhd                160
         4 mian         mhhd                200

SQL> insert into customer(id, name, address, payment) values(4, 'poin', 'mhhd', 200);
insert into customer(id, name, address, payment) values(4, 'poin', 'mhhd', 200)
*
ERROR at line 1:
ORA-00001: unique constraint (SKY.SYS_C007327) violated


SQL> select * from cus_bakup;

        ID NAME         ADDRESS         PAYMENT
---------- ------------ ------------ ----------
         1 nila         mhgsdsd
         2 arian        mhhd                160
         3 rian         mhhd                160
         4 mian         mhhd                200

SQL> insert into customer(id, name, address, payment) values(5, 'poin', 'mhhd', 200);

1 row created.

SQL> insert into customer(id, name, address, payment) values(6, 'poin', 'mhhd', 200);

1 row created.

SQL> select * from cus_bakup;

        ID NAME         ADDRESS         PAYMENT
---------- ------------ ------------ ----------
         1 nila         mhgsdsd
         2 arian        mhhd                160
         3 rian         mhhd                160
         4 mian         mhhd                200
         5 poin         mhhd                200
         6 poin         mhhd                200

6 rows selected.

SQL>