SQL> connect system;
Connected.
SQL> select last_name, salary from employees where salary not between 5000 and 12000 and department_id in (20, 50);
select last_name, salary from employees where salary not between 5000 and 12000 and department_id in (20, 50)
                              *
ERROR at line 1:
ORA-00942: table or view does not exist 


SQL> connect;
Enter user-name: hr
Connected.
SQL> select last_name, salary from employees where salary not between 5000 and 12000 and department_id in (20, 50);

LAST_NAME                     SALARY                                            
------------------------- ----------                                            
Nayer                           3200                                            
Mikkilineni                     2700                                            
Landry                          2400                                            
Markle                          2200                                            
Bissot                          3300                                            
Atkinson                        2800                                            
Marlow                          2500                                            
Olson                           2100                                            
Mallin                          3300                                            
Rogers                          2900                                            
Gee                             2400                                            

LAST_NAME                     SALARY                                            
------------------------- ----------                                            
Philtanker                      2200                                            
Ladwig                          3600                                            
Stiles                          3200                                            
Seo                             2700                                            
Patel                           2500                                            
Rajs                            3500                                            
Davies                          3100                                            
Matos                           2600                                            
Vargas                          2500                                            
Taylor                          3200                                            
Fleaur                          3100                                            

LAST_NAME                     SALARY                                            
------------------------- ----------                                            
Sullivan                        2500                                            
Geoni                           2800                                            
Sarchand                        4200                                            
Bull                            4100                                            
Dellinger                       3400                                            
Cabrio                          3000                                            
Chung                           3800                                            
Dilly                           3600                                            
Gates                           2900                                            
Perkins                         2500                                            
Bell                            4000                                            

LAST_NAME                     SALARY                                            
------------------------- ----------                                            
Everett                         3900                                            
McCain                          3200                                            
Jones                           2800                                            
Walsh                           3100                                            
Feeney                          3000                                            
OConnell                        2600                                            
Grant                           2600                                            
Hartstein                      13000                                            

41 rows selected.

SQL> select last_name, salary from employees where salary not between 5000 and 12000 and department_id = (20, 50);
select last_name, salary from employees where salary not between 5000 and 12000 and department_id = (20, 50)
                                                                                                  *
ERROR at line 1:
ORA-01797: this operator must be followed by ANY or ALL 


SQL> select last_name, salary from employees where salary not between 5000 and 12000 and department_id = 20;

LAST_NAME                     SALARY                                            
------------------------- ----------                                            
Hartstein                      13000                                            

SQL> select last_name, salary from employees where salary between 5000 and 12000 and department_id = (20, 50);
select last_name, salary from employees where salary between 5000 and 12000 and department_id = (20, 50)
                                                                                              *
ERROR at line 1:
ORA-01797: this operator must be followed by ANY or ALL 


SQL> select last_name, salary from employees where salary between 5000 and 12000 and department_id in (20, 50);

LAST_NAME                     SALARY                                            
------------------------- ----------                                            
Weiss                           8000                                            
Fripp                           8200                                            
Kaufling                        7900                                            
Vollman                         6500                                            
Mourgos                         5800                                            
Fay                             6000                                            

6 rows selected.

SQL> select last_name, lpad (salary, 15, '$') salary from employees;

LAST_NAME                                                                       
-------------------------                                                       
SALARY                                                                          
------------------------------------------------------------                    
King                                                                            
$$$$$$$$$$24000                                                                 
                                                                                
Kochhar                                                                         
$$$$$$$$$$17000                                                                 
                                                                                
De Haan                                                                         
$$$$$$$$$$17000                                                                 
                                                                                

LAST_NAME                                                                       
-------------------------                                                       
SALARY                                                                          
------------------------------------------------------------                    
Hunold                                                                          
$$$$$$$$$$$9000                                                                 
                                                                                
Ernst                                                                           
$$$$$$$$$$$6000                                                                 
                                                                                
Austin                                                                          
$$$$$$$$$$$4800                                                                 
                                                                                

LAST_NAME                                                                       
-------------------------                                                       
SALARY                                                                          
------------------------------------------------------------                    
Pataballa                                                                       
$$$$$$$$$$$4800                                                                 
                                                                                
Lorentz                                                                         
$$$$$$$$$$$4200                                                                 
                                                                                
Greenberg                                                                       
$$$$$$$$$$12008                                                                 
                                                                                

LAST_NAME                                                                       
-------------------------                                                       
SALARY                                                                          
------------------------------------------------------------                    
Faviet                                                                          
$$$$$$$$$$$9000                                                                 
                                                                                
Chen                                                                            
$$$$$$$$$$$8200                                                                 
                                                                                
Sciarra                                                                         
$$$$$$$$$$$7700                                                                 
                                                                                

LAST_NAME                                                                       
-------------------------                                                       
SALARY                                                                          
------------------------------------------------------------                    
Urman                                                                           
$$$$$$$$$$$7800                                                                 
                                                                                
Popp                                                                            
$$$$$$$$$$$6900                                                                 
                                                                                
Raphaely                                                                        
$$$$$$$$$$11000                                                                 
                                                                                

LAST_NAME                                                                       
-------------------------                                                       
SALARY                                                                          
------------------------------------------------------------                    
Khoo                                                                            
$$$$$$$$$$$3100                                                                 
                                                                                
Baida                                                                           
$$$$$$$$$$$2900                                                                 
                                                                                
Tobias                                                                          
$$$$$$$$$$$2800                                                                 
                                                                                

LAST_NAME                                                                       
-------------------------                                                       
SALARY                                                                          
------------------------------------------------------------                    
Himuro                                                                          
$$$$$$$$$$$2600                                                                 
                                                                                
Colmenares                                                                      
$$$$$$$$$$$2500                                                                 
                                                                                
Weiss                                                                           
$$$$$$$$$$$8000                                                                 
                                                                                

LAST_NAME                                                                       
-------------------------                                                       
SALARY                                                                          
------------------------------------------------------------                    
Fripp                                                                           
$$$$$$$$$$$8200                                                                 
                                                                                
Kaufling                                                                        
$$$$$$$$$$$7900                                                                 
                                                                                
Vollman                                                                         
$$$$$$$$$$$6500                                                                 
                                                                                

LAST_NAME                                                                       
-------------------------                                                       
SALARY                                                                          
------------------------------------------------------------                    
Mourgos                                                                         
$$$$$$$$$$$5800                                                                 
                                                                                
Nayer                                                                           
$$$$$$$$$$$3200                                                                 
                                                                                
Mikkilineni                                                                     
$$$$$$$$$$$2700                                                                 
                                                                                

LAST_NAME                                                                       
-------------------------                                                       
SALARY                                                                          
------------------------------------------------------------                    
Landry                                                                          
$$$$$$$$$$$2400                                                                 
                                                                                
Markle                                                                          
$$$$$$$$$$$2200                                                                 
                                                                                
Bissot                                                                          
$$$$$$$$$$$3300                                                                 
                                                                                

LAST_NAME                                                                       
-------------------------                                                       
SALARY                                                                          
------------------------------------------------------------                    
Atkinson                                                                        
$$$$$$$$$$$2800                                                                 
                                                                                
Marlow                                                                          
$$$$$$$$$$$2500                                                                 
                                                                                
Olson                                                                           
$$$$$$$$$$$2100                                                                 
                                                                                

LAST_NAME                                                                       
-------------------------                                                       
SALARY                                                                          
------------------------------------------------------------                    
Mallin                                                                          
$$$$$$$$$$$3300                                                                 
                                                                                
Rogers                                                                          
$$$$$$$$$$$2900                                                                 
                                                                                
Gee                                                                             
$$$$$$$$$$$2400                                                                 
                                                                                

LAST_NAME                                                                       
-------------------------                                                       
SALARY                                                                          
------------------------------------------------------------                    
Philtanker                                                                      
$$$$$$$$$$$2200                                                                 
                                                                                
Ladwig                                                                          
$$$$$$$$$$$3600                                                                 
                                                                                
Stiles                                                                          
$$$$$$$$$$$3200                                                                 
                                                                                

LAST_NAME                                                                       
-------------------------                                                       
SALARY                                                                          
------------------------------------------------------------                    
Seo                                                                             
$$$$$$$$$$$2700                                                                 
                                                                                
Patel                                                                           
$$$$$$$$$$$2500                                                                 
                                                                                
Rajs                                                                            
$$$$$$$$$$$3500                                                                 
                                                                                

LAST_NAME                                                                       
-------------------------                                                       
SALARY                                                                          
------------------------------------------------------------                    
Davies                                                                          
$$$$$$$$$$$3100                                                                 
                                                                                
Matos                                                                           
$$$$$$$$$$$2600                                                                 
                                                                                
Vargas                                                                          
$$$$$$$$$$$2500                                                                 
                                                                                

LAST_NAME                                                                       
-------------------------                                                       
SALARY                                                                          
------------------------------------------------------------                    
Russell                                                                         
$$$$$$$$$$14000                                                                 
                                                                                
Partners                                                                        
$$$$$$$$$$13500                                                                 
                                                                                
Errazuriz                                                                       
$$$$$$$$$$12000                                                                 
                                                                                

LAST_NAME                                                                       
-------------------------                                                       
SALARY                                                                          
------------------------------------------------------------                    
Cambrault                                                                       
$$$$$$$$$$11000                                                                 
                                                                                
Zlotkey                                                                         
$$$$$$$$$$10500                                                                 
                                                                                
Tucker                                                                          
$$$$$$$$$$10000                                                                 
                                                                                

LAST_NAME                                                                       
-------------------------                                                       
SALARY                                                                          
------------------------------------------------------------                    
Bernstein                                                                       
$$$$$$$$$$$9500                                                                 
                                                                                
Hall                                                                            
$$$$$$$$$$$9000                                                                 
                                                                                
Olsen                                                                           
$$$$$$$$$$$8000                                                                 
                                                                                

LAST_NAME                                                                       
-------------------------                                                       
SALARY                                                                          
------------------------------------------------------------                    
Cambrault                                                                       
$$$$$$$$$$$7500                                                                 
                                                                                
Tuvault                                                                         
$$$$$$$$$$$7000                                                                 
                                                                                
King                                                                            
$$$$$$$$$$10000                                                                 
                                                                                

LAST_NAME                                                                       
-------------------------                                                       
SALARY                                                                          
------------------------------------------------------------                    
Sully                                                                           
$$$$$$$$$$$9500                                                                 
                                                                                
McEwen                                                                          
$$$$$$$$$$$9000                                                                 
                                                                                
Smith                                                                           
$$$$$$$$$$$8000                                                                 
                                                                                

LAST_NAME                                                                       
-------------------------                                                       
SALARY                                                                          
------------------------------------------------------------                    
Doran                                                                           
$$$$$$$$$$$7500                                                                 
                                                                                
Sewall                                                                          
$$$$$$$$$$$7000                                                                 
                                                                                
Vishney                                                                         
$$$$$$$$$$10500                                                                 
                                                                                

LAST_NAME                                                                       
-------------------------                                                       
SALARY                                                                          
------------------------------------------------------------                    
Greene                                                                          
$$$$$$$$$$$9500                                                                 
                                                                                
Marvins                                                                         
$$$$$$$$$$$7200                                                                 
                                                                                
Lee                                                                             
$$$$$$$$$$$6800                                                                 
                                                                                

LAST_NAME                                                                       
-------------------------                                                       
SALARY                                                                          
------------------------------------------------------------                    
Ande                                                                            
$$$$$$$$$$$6400                                                                 
                                                                                
Banda                                                                           
$$$$$$$$$$$6200                                                                 
                                                                                
Ozer                                                                            
$$$$$$$$$$11500                                                                 
                                                                                

LAST_NAME                                                                       
-------------------------                                                       
SALARY                                                                          
------------------------------------------------------------                    
Bloom                                                                           
$$$$$$$$$$10000                                                                 
                                                                                
Fox                                                                             
$$$$$$$$$$$9600                                                                 
                                                                                
Smith                                                                           
$$$$$$$$$$$7400                                                                 
                                                                                

LAST_NAME                                                                       
-------------------------                                                       
SALARY                                                                          
------------------------------------------------------------                    
Bates                                                                           
$$$$$$$$$$$7300                                                                 
                                                                                
Kumar                                                                           
$$$$$$$$$$$6100                                                                 
                                                                                
Abel                                                                            
$$$$$$$$$$11000                                                                 
                                                                                

LAST_NAME                                                                       
-------------------------                                                       
SALARY                                                                          
------------------------------------------------------------                    
Hutton                                                                          
$$$$$$$$$$$8800                                                                 
                                                                                
Taylor                                                                          
$$$$$$$$$$$8600                                                                 
                                                                                
Livingston                                                                      
$$$$$$$$$$$8400                                                                 
                                                                                

LAST_NAME                                                                       
-------------------------                                                       
SALARY                                                                          
------------------------------------------------------------                    
Grant                                                                           
$$$$$$$$$$$7000                                                                 
                                                                                
Johnson                                                                         
$$$$$$$$$$$6200                                                                 
                                                                                
Taylor                                                                          
$$$$$$$$$$$3200                                                                 
                                                                                

LAST_NAME                                                                       
-------------------------                                                       
SALARY                                                                          
------------------------------------------------------------                    
Fleaur                                                                          
$$$$$$$$$$$3100                                                                 
                                                                                
Sullivan                                                                        
$$$$$$$$$$$2500                                                                 
                                                                                
Geoni                                                                           
$$$$$$$$$$$2800                                                                 
                                                                                

LAST_NAME                                                                       
-------------------------                                                       
SALARY                                                                          
------------------------------------------------------------                    
Sarchand                                                                        
$$$$$$$$$$$4200                                                                 
                                                                                
Bull                                                                            
$$$$$$$$$$$4100                                                                 
                                                                                
Dellinger                                                                       
$$$$$$$$$$$3400                                                                 
                                                                                

LAST_NAME                                                                       
-------------------------                                                       
SALARY                                                                          
------------------------------------------------------------                    
Cabrio                                                                          
$$$$$$$$$$$3000                                                                 
                                                                                
Chung                                                                           
$$$$$$$$$$$3800                                                                 
                                                                                
Dilly                                                                           
$$$$$$$$$$$3600                                                                 
                                                                                

LAST_NAME                                                                       
-------------------------                                                       
SALARY                                                                          
------------------------------------------------------------                    
Gates                                                                           
$$$$$$$$$$$2900                                                                 
                                                                                
Perkins                                                                         
$$$$$$$$$$$2500                                                                 
                                                                                
Bell                                                                            
$$$$$$$$$$$4000                                                                 
                                                                                

LAST_NAME                                                                       
-------------------------                                                       
SALARY                                                                          
------------------------------------------------------------                    
Everett                                                                         
$$$$$$$$$$$3900                                                                 
                                                                                
McCain                                                                          
$$$$$$$$$$$3200                                                                 
                                                                                
Jones                                                                           
$$$$$$$$$$$2800                                                                 
                                                                                

LAST_NAME                                                                       
-------------------------                                                       
SALARY                                                                          
------------------------------------------------------------                    
Walsh                                                                           
$$$$$$$$$$$3100                                                                 
                                                                                
Feeney                                                                          
$$$$$$$$$$$3000                                                                 
                                                                                
OConnell                                                                        
$$$$$$$$$$$2600                                                                 
                                                                                

LAST_NAME                                                                       
-------------------------                                                       
SALARY                                                                          
------------------------------------------------------------                    
Grant                                                                           
$$$$$$$$$$$2600                                                                 
                                                                                
Whalen                                                                          
$$$$$$$$$$$4400                                                                 
                                                                                
Hartstein                                                                       
$$$$$$$$$$13000                                                                 
                                                                                

LAST_NAME                                                                       
-------------------------                                                       
SALARY                                                                          
------------------------------------------------------------                    
Fay                                                                             
$$$$$$$$$$$6000                                                                 
                                                                                
Mavris                                                                          
$$$$$$$$$$$6500                                                                 
                                                                                
Baer                                                                            
$$$$$$$$$$10000                                                                 
                                                                                

LAST_NAME                                                                       
-------------------------                                                       
SALARY                                                                          
------------------------------------------------------------                    
Higgins                                                                         
$$$$$$$$$$12008                                                                 
                                                                                
Gietz                                                                           
$$$$$$$$$$$8300                                                                 
                                                                                

107 rows selected.

SQL> select round(max(salary),0) "Maximum",
  2  round(min(salary), 0) "Minimum",
  3  round(sum(salary), 0) "Sum",
  4  round(avg(salary), 0) "Average"
  5  from employees
  6  group by job_id
  7  having avg(salary)>10000;

   Maximum    Minimum        Sum    Average                                     
---------- ---------- ---------- ----------                                     
     12008      12008      12008      12008                                     
     11000      11000      11000      11000                                     
     17000      17000      34000      17000                                     
     12008      12008      12008      12008                                     
     14000      10500      61000      12200                                     
     13000      13000      13000      13000                                     
     24000      24000      24000      24000                                     

7 rows selected.

SQL> select last_name, job_id, department_id, department_name from employees join departments using(department_id) join location using(location_id) where city = 'Toronto';
select last_name, job_id, department_id, department_name from employees join departments using(department_id) join location using(location_id) where city = 'Toronto'
                                                                                                                   *
ERROR at line 1:
ORA-00942: table or view does not exist 


SQL> select last_name, job_id, department_id, department_name from employees join departments using(department_id) join locations using(location_id) where city = 'Toronto';

LAST_NAME                 JOB_ID     DEPARTMENT_ID                              
------------------------- ---------- -------------                              
DEPARTMENT_NAME                                                                 
------------------------------                                                  
Hartstein                 MK_MAN                20                              
Marketing                                                                       
                                                                                
Fay                       MK_REP                20                              
Marketing                                                                       
                                                                                

SQL> select last_name, job_id, department_id, department_name,city from employees join departments using(department_id) join locations using(location_id) where city = 'Toronto';

LAST_NAME                 JOB_ID     DEPARTMENT_ID                              
------------------------- ---------- -------------                              
DEPARTMENT_NAME                CITY                                             
------------------------------ ------------------------------                   
Hartstein                 MK_MAN                20                              
Marketing                      Toronto                                          
                                                                                
Fay                       MK_REP                20                              
Marketing                      Toronto                                          
                                                                                

SQL> select last_name, salary from employees where manager_id =(select employee_id from employees where last_name ='king');

no rows selected

SQL> select last_name, salary from employees where manager_id =(select employee_id from employees where last_name ='whele');

no rows selected

SQL> select last_name from employees;

LAST_NAME                                                                       
-------------------------                                                       
Abel                                                                            
Ande                                                                            
Atkinson                                                                        
Austin                                                                          
Baer                                                                            
Baida                                                                           
Banda                                                                           
Bates                                                                           
Bell                                                                            
Bernstein                                                                       
Bissot                                                                          

LAST_NAME                                                                       
-------------------------                                                       
Bloom                                                                           
Bull                                                                            
Cabrio                                                                          
Cambrault                                                                       
Cambrault                                                                       
Chen                                                                            
Chung                                                                           
Colmenares                                                                      
Davies                                                                          
De Haan                                                                         
Dellinger                                                                       

LAST_NAME                                                                       
-------------------------                                                       
Dilly                                                                           
Doran                                                                           
Ernst                                                                           
Errazuriz                                                                       
Everett                                                                         
Faviet                                                                          
Fay                                                                             
Feeney                                                                          
Fleaur                                                                          
Fox                                                                             
Fripp                                                                           

LAST_NAME                                                                       
-------------------------                                                       
Gates                                                                           
Gee                                                                             
Geoni                                                                           
Gietz                                                                           
Grant                                                                           
Grant                                                                           
Greenberg                                                                       
Greene                                                                          
Hall                                                                            
Hartstein                                                                       
Higgins                                                                         

LAST_NAME                                                                       
-------------------------                                                       
Himuro                                                                          
Hunold                                                                          
Hutton                                                                          
Johnson                                                                         
Jones                                                                           
Kaufling                                                                        
Khoo                                                                            
King                                                                            
King                                                                            
Kochhar                                                                         
Kumar                                                                           

LAST_NAME                                                                       
-------------------------                                                       
Ladwig                                                                          
Landry                                                                          
Lee                                                                             
Livingston                                                                      
Lorentz                                                                         
Mallin                                                                          
Markle                                                                          
Marlow                                                                          
Marvins                                                                         
Matos                                                                           
Mavris                                                                          

LAST_NAME                                                                       
-------------------------                                                       
McCain                                                                          
McEwen                                                                          
Mikkilineni                                                                     
Mourgos                                                                         
Nayer                                                                           
OConnell                                                                        
Olsen                                                                           
Olson                                                                           
Ozer                                                                            
Partners                                                                        
Pataballa                                                                       

LAST_NAME                                                                       
-------------------------                                                       
Patel                                                                           
Perkins                                                                         
Philtanker                                                                      
Popp                                                                            
Rajs                                                                            
Raphaely                                                                        
Rogers                                                                          
Russell                                                                         
Sarchand                                                                        
Sciarra                                                                         
Seo                                                                             

LAST_NAME                                                                       
-------------------------                                                       
Sewall                                                                          
Smith                                                                           
Smith                                                                           
Stiles                                                                          
Sullivan                                                                        
Sully                                                                           
Taylor                                                                          
Taylor                                                                          
Tobias                                                                          
Tucker                                                                          
Tuvault                                                                         

LAST_NAME                                                                       
-------------------------                                                       
Urman                                                                           
Vargas                                                                          
Vishney                                                                         
Vollman                                                                         
Walsh                                                                           
Weiss                                                                           
Whalen                                                                          
Zlotkey                                                                         

107 rows selected.

SQL> select last_name, salary from employees where manager_id =(select employee_id from employees where last_name ='lee');

no rows selected

SQL> select last_name, salary from employees where manager_id =(select employee_id from employees where last_name ='whalen');

no rows selected

SQL> select last_name, salary from employees where salary between 5000 and 12000 and department_id in (20,50);

LAST_NAME                     SALARY                                            
------------------------- ----------                                            
Weiss                           8000                                            
Fripp                           8200                                            
Kaufling                        7900                                            
Vollman                         6500                                            
Mourgos                         5800                                            
Fay                             6000                                            

6 rows selected.

SQL> select last_name lpad(salary, 15, $) salary from employees;
select last_name lpad(salary, 15, $) salary from employees
                     *
ERROR at line 1:
ORA-00923: FROM keyword not found where expected 


SQL> select last_name, lpad(salary, 15, $) salary from employees;
select last_name, lpad(salary, 15, $) salary from employees
                                   *
ERROR at line 1:
ORA-00911: invalid character 


SQL> select last_name, lpad(salary, 15, '$') salary from employees;

LAST_NAME                                                                       
-------------------------                                                       
SALARY                                                                          
------------------------------------------------------------                    
King                                                                            
$$$$$$$$$$24000                                                                 
                                                                                
Kochhar                                                                         
$$$$$$$$$$17000                                                                 
                                                                                
De Haan                                                                         
$$$$$$$$$$17000                                                                 
                                                                                

LAST_NAME                                                                       
-------------------------                                                       
SALARY                                                                          
------------------------------------------------------------                    
Hunold                                                                          
$$$$$$$$$$$9000                                                                 
                                                                                
Ernst                                                                           
$$$$$$$$$$$6000                                                                 
                                                                                
Austin                                                                          
$$$$$$$$$$$4800                                                                 
                                                                                

LAST_NAME                                                                       
-------------------------                                                       
SALARY                                                                          
------------------------------------------------------------                    
Pataballa                                                                       
$$$$$$$$$$$4800                                                                 
                                                                                
Lorentz                                                                         
$$$$$$$$$$$4200                                                                 
                                                                                
Greenberg                                                                       
$$$$$$$$$$12008                                                                 
                                                                                

LAST_NAME                                                                       
-------------------------                                                       
SALARY                                                                          
------------------------------------------------------------                    
Faviet                                                                          
$$$$$$$$$$$9000                                                                 
                                                                                
Chen                                                                            
$$$$$$$$$$$8200                                                                 
                                                                                
Sciarra                                                                         
$$$$$$$$$$$7700                                                                 
                                                                                

LAST_NAME                                                                       
-------------------------                                                       
SALARY                                                                          
------------------------------------------------------------                    
Urman                                                                           
$$$$$$$$$$$7800                                                                 
                                                                                
Popp                                                                            
$$$$$$$$$$$6900                                                                 
                                                                                
Raphaely                                                                        
$$$$$$$$$$11000                                                                 
                                                                                

LAST_NAME                                                                       
-------------------------                                                       
SALARY                                                                          
------------------------------------------------------------                    
Khoo                                                                            
$$$$$$$$$$$3100                                                                 
                                                                                
Baida                                                                           
$$$$$$$$$$$2900                                                                 
                                                                                
Tobias                                                                          
$$$$$$$$$$$2800                                                                 
                                                                                

LAST_NAME                                                                       
-------------------------                                                       
SALARY                                                                          
------------------------------------------------------------                    
Himuro                                                                          
$$$$$$$$$$$2600                                                                 
                                                                                
Colmenares                                                                      
$$$$$$$$$$$2500                                                                 
                                                                                
Weiss                                                                           
$$$$$$$$$$$8000                                                                 
                                                                                

LAST_NAME                                                                       
-------------------------                                                       
SALARY                                                                          
------------------------------------------------------------                    
Fripp                                                                           
$$$$$$$$$$$8200                                                                 
                                                                                
Kaufling                                                                        
$$$$$$$$$$$7900                                                                 
                                                                                
Vollman                                                                         
$$$$$$$$$$$6500                                                                 
                                                                                

LAST_NAME                                                                       
-------------------------                                                       
SALARY                                                                          
------------------------------------------------------------                    
Mourgos                                                                         
$$$$$$$$$$$5800                                                                 
                                                                                
Nayer                                                                           
$$$$$$$$$$$3200                                                                 
                                                                                
Mikkilineni                                                                     
$$$$$$$$$$$2700                                                                 
                                                                                

LAST_NAME                                                                       
-------------------------                                                       
SALARY                                                                          
------------------------------------------------------------                    
Landry                                                                          
$$$$$$$$$$$2400                                                                 
                                                                                
Markle                                                                          
$$$$$$$$$$$2200                                                                 
                                                                                
Bissot                                                                          
$$$$$$$$$$$3300                                                                 
                                                                                

LAST_NAME                                                                       
-------------------------                                                       
SALARY                                                                          
------------------------------------------------------------                    
Atkinson                                                                        
$$$$$$$$$$$2800                                                                 
                                                                                
Marlow                                                                          
$$$$$$$$$$$2500                                                                 
                                                                                
Olson                                                                           
$$$$$$$$$$$2100                                                                 
                                                                                

LAST_NAME                                                                       
-------------------------                                                       
SALARY                                                                          
------------------------------------------------------------                    
Mallin                                                                          
$$$$$$$$$$$3300                                                                 
                                                                                
Rogers                                                                          
$$$$$$$$$$$2900                                                                 
                                                                                
Gee                                                                             
$$$$$$$$$$$2400                                                                 
                                                                                

LAST_NAME                                                                       
-------------------------                                                       
SALARY                                                                          
------------------------------------------------------------                    
Philtanker                                                                      
$$$$$$$$$$$2200                                                                 
                                                                                
Ladwig                                                                          
$$$$$$$$$$$3600                                                                 
                                                                                
Stiles                                                                          
$$$$$$$$$$$3200                                                                 
                                                                                

LAST_NAME                                                                       
-------------------------                                                       
SALARY                                                                          
------------------------------------------------------------                    
Seo                                                                             
$$$$$$$$$$$2700                                                                 
                                                                                
Patel                                                                           
$$$$$$$$$$$2500                                                                 
                                                                                
Rajs                                                                            
$$$$$$$$$$$3500                                                                 
                                                                                

LAST_NAME                                                                       
-------------------------                                                       
SALARY                                                                          
------------------------------------------------------------                    
Davies                                                                          
$$$$$$$$$$$3100                                                                 
                                                                                
Matos                                                                           
$$$$$$$$$$$2600                                                                 
                                                                                
Vargas                                                                          
$$$$$$$$$$$2500                                                                 
                                                                                

LAST_NAME                                                                       
-------------------------                                                       
SALARY                                                                          
------------------------------------------------------------                    
Russell                                                                         
$$$$$$$$$$14000                                                                 
                                                                                
Partners                                                                        
$$$$$$$$$$13500                                                                 
                                                                                
Errazuriz                                                                       
$$$$$$$$$$12000                                                                 
                                                                                

LAST_NAME                                                                       
-------------------------                                                       
SALARY                                                                          
------------------------------------------------------------                    
Cambrault                                                                       
$$$$$$$$$$11000                                                                 
                                                                                
Zlotkey                                                                         
$$$$$$$$$$10500                                                                 
                                                                                
Tucker                                                                          
$$$$$$$$$$10000                                                                 
                                                                                

LAST_NAME                                                                       
-------------------------                                                       
SALARY                                                                          
------------------------------------------------------------                    
Bernstein                                                                       
$$$$$$$$$$$9500                                                                 
                                                                                
Hall                                                                            
$$$$$$$$$$$9000                                                                 
                                                                                
Olsen                                                                           
$$$$$$$$$$$8000                                                                 
                                                                                

LAST_NAME                                                                       
-------------------------                                                       
SALARY                                                                          
------------------------------------------------------------                    
Cambrault                                                                       
$$$$$$$$$$$7500                                                                 
                                                                                
Tuvault                                                                         
$$$$$$$$$$$7000                                                                 
                                                                                
King                                                                            
$$$$$$$$$$10000                                                                 
                                                                                

LAST_NAME                                                                       
-------------------------                                                       
SALARY                                                                          
------------------------------------------------------------                    
Sully                                                                           
$$$$$$$$$$$9500                                                                 
                                                                                
McEwen                                                                          
$$$$$$$$$$$9000                                                                 
                                                                                
Smith                                                                           
$$$$$$$$$$$8000                                                                 
                                                                                

LAST_NAME                                                                       
-------------------------                                                       
SALARY                                                                          
------------------------------------------------------------                    
Doran                                                                           
$$$$$$$$$$$7500                                                                 
                                                                                
Sewall                                                                          
$$$$$$$$$$$7000                                                                 
                                                                                
Vishney                                                                         
$$$$$$$$$$10500                                                                 
                                                                                

LAST_NAME                                                                       
-------------------------                                                       
SALARY                                                                          
------------------------------------------------------------                    
Greene                                                                          
$$$$$$$$$$$9500                                                                 
                                                                                
Marvins                                                                         
$$$$$$$$$$$7200                                                                 
                                                                                
Lee                                                                             
$$$$$$$$$$$6800                                                                 
                                                                                

LAST_NAME                                                                       
-------------------------                                                       
SALARY                                                                          
------------------------------------------------------------                    
Ande                                                                            
$$$$$$$$$$$6400                                                                 
                                                                                
Banda                                                                           
$$$$$$$$$$$6200                                                                 
                                                                                
Ozer                                                                            
$$$$$$$$$$11500                                                                 
                                                                                

LAST_NAME                                                                       
-------------------------                                                       
SALARY                                                                          
------------------------------------------------------------                    
Bloom                                                                           
$$$$$$$$$$10000                                                                 
                                                                                
Fox                                                                             
$$$$$$$$$$$9600                                                                 
                                                                                
Smith                                                                           
$$$$$$$$$$$7400                                                                 
                                                                                

LAST_NAME                                                                       
-------------------------                                                       
SALARY                                                                          
------------------------------------------------------------                    
Bates                                                                           
$$$$$$$$$$$7300                                                                 
                                                                                
Kumar                                                                           
$$$$$$$$$$$6100                                                                 
                                                                                
Abel                                                                            
$$$$$$$$$$11000                                                                 
                                                                                

LAST_NAME                                                                       
-------------------------                                                       
SALARY                                                                          
------------------------------------------------------------                    
Hutton                                                                          
$$$$$$$$$$$8800                                                                 
                                                                                
Taylor                                                                          
$$$$$$$$$$$8600                                                                 
                                                                                
Livingston                                                                      
$$$$$$$$$$$8400                                                                 
                                                                                

LAST_NAME                                                                       
-------------------------                                                       
SALARY                                                                          
------------------------------------------------------------                    
Grant                                                                           
$$$$$$$$$$$7000                                                                 
                                                                                
Johnson                                                                         
$$$$$$$$$$$6200                                                                 
                                                                                
Taylor                                                                          
$$$$$$$$$$$3200                                                                 
                                                                                

LAST_NAME                                                                       
-------------------------                                                       
SALARY                                                                          
------------------------------------------------------------                    
Fleaur                                                                          
$$$$$$$$$$$3100                                                                 
                                                                                
Sullivan                                                                        
$$$$$$$$$$$2500                                                                 
                                                                                
Geoni                                                                           
$$$$$$$$$$$2800                                                                 
                                                                                

LAST_NAME                                                                       
-------------------------                                                       
SALARY                                                                          
------------------------------------------------------------                    
Sarchand                                                                        
$$$$$$$$$$$4200                                                                 
                                                                                
Bull                                                                            
$$$$$$$$$$$4100                                                                 
                                                                                
Dellinger                                                                       
$$$$$$$$$$$3400                                                                 
                                                                                

LAST_NAME                                                                       
-------------------------                                                       
SALARY                                                                          
------------------------------------------------------------                    
Cabrio                                                                          
$$$$$$$$$$$3000                                                                 
                                                                                
Chung                                                                           
$$$$$$$$$$$3800                                                                 
                                                                                
Dilly                                                                           
$$$$$$$$$$$3600                                                                 
                                                                                

LAST_NAME                                                                       
-------------------------                                                       
SALARY                                                                          
------------------------------------------------------------                    
Gates                                                                           
$$$$$$$$$$$2900                                                                 
                                                                                
Perkins                                                                         
$$$$$$$$$$$2500                                                                 
                                                                                
Bell                                                                            
$$$$$$$$$$$4000                                                                 
                                                                                

LAST_NAME                                                                       
-------------------------                                                       
SALARY                                                                          
------------------------------------------------------------                    
Everett                                                                         
$$$$$$$$$$$3900                                                                 
                                                                                
McCain                                                                          
$$$$$$$$$$$3200                                                                 
                                                                                
Jones                                                                           
$$$$$$$$$$$2800                                                                 
                                                                                

LAST_NAME                                                                       
-------------------------                                                       
SALARY                                                                          
------------------------------------------------------------                    
Walsh                                                                           
$$$$$$$$$$$3100                                                                 
                                                                                
Feeney                                                                          
$$$$$$$$$$$3000                                                                 
                                                                                
OConnell                                                                        
$$$$$$$$$$$2600                                                                 
                                                                                

LAST_NAME                                                                       
-------------------------                                                       
SALARY                                                                          
------------------------------------------------------------                    
Grant                                                                           
$$$$$$$$$$$2600                                                                 
                                                                                
Whalen                                                                          
$$$$$$$$$$$4400                                                                 
                                                                                
Hartstein                                                                       
$$$$$$$$$$13000                                                                 
                                                                                

LAST_NAME                                                                       
-------------------------                                                       
SALARY                                                                          
------------------------------------------------------------                    
Fay                                                                             
$$$$$$$$$$$6000                                                                 
                                                                                
Mavris                                                                          
$$$$$$$$$$$6500                                                                 
                                                                                
Baer                                                                            
$$$$$$$$$$10000                                                                 
                                                                                

LAST_NAME                                                                       
-------------------------                                                       
SALARY                                                                          
------------------------------------------------------------                    
Higgins                                                                         
$$$$$$$$$$12008                                                                 
                                                                                
Gietz                                                                           
$$$$$$$$$$$8300                                                                 
                                                                                

107 rows selected.

SQL> select round(max(salary, 0)) "Maximum",
  2  round(min(salary, 0)) "Minimum",
  3  round(sum(salary, 0)) "Sum",
  4  round(avg(salary, 0)) "Average"
  5  from employees
  6  group by department_id
  7  having salary>10000
  8  ;
select round(max(salary, 0)) "Maximum",
             *
ERROR at line 1:
ORA-00909: invalid number of arguments 


SQL> select round(max(salary, 0)) "Maximum",
  2  round(min(salary, 0)) "Minimum",
  3  round(sum(salary, 0)) "Sum",
  4  round(avg(salary, 0)) "Average"
  5  from employees
  6  group by job_id
  7  having  avg(salary)>10000;
select round(max(salary, 0)) "Maximum",
             *
ERROR at line 1:
ORA-00909: invalid number of arguments 


SQL> select round(max(salary) "Maximum",
  2  round(min(salary, 0)) "Minimum",
  3  /
select round(max(salary) "Maximum",
                         *
ERROR at line 1:
ORA-00907: missing right parenthesis 


SQL> select round(max(salary)) "Maximum",
  2  round(min(salary)) "Minimum",
  3  round(sum(salary)) "Sum",
  4  round(avg(salary)) "Average"
  5  from employees
  6  group by job_id
  7  having  avg(salary)>10000;

   Maximum    Minimum        Sum    Average                                     
---------- ---------- ---------- ----------                                     
     12008      12008      12008      12008                                     
     11000      11000      11000      11000                                     
     17000      17000      34000      17000                                     
     12008      12008      12008      12008                                     
     14000      10500      61000      12200                                     
     13000      13000      13000      13000                                     
     24000      24000      24000      24000                                     

7 rows selected.

SQL> select last_name, job_id, department_id, department_name, city from employees join departments using(department_id) join locations using(location_id) where city = 'Toronto';

LAST_NAME                 JOB_ID     DEPARTMENT_ID                              
------------------------- ---------- -------------                              
DEPARTMENT_NAME                CITY                                             
------------------------------ ------------------------------                   
Hartstein                 MK_MAN                20                              
Marketing                      Toronto                                          
                                                                                
Fay                       MK_REP                20                              
Marketing                      Toronto                                          
                                                                                

SQL> select last_name, salary from employees where manager_id =(select last_name where last_name = 'king');
select last_name, salary from employees where manager_id =(select last_name where last_name = 'king')
                                                                            *
ERROR at line 1:
ORA-00923: FROM keyword not found where expected 


SQL> select last_name, salary from employees where manager_id =(select employee_id from employees where last_name = 'king');

no rows selected

SQL> select last_name, salary from employees where manager_id =(select employee_id from last_name where last_name = 'king');
select last_name, salary from employees where manager_id =(select employee_id from last_name where last_name = 'king')
                                                                                   *
ERROR at line 1:
ORA-00942: table or view does not exist 


SQL> select last_name, salary from employees where manager_id =(select last_name from employees where last_name = 'king');

no rows selected

SQL> create table emp_info(emp_id number(3) primary key, emp_name varchar2(12), manager_id number(3) not null, phone number(11), sex varchar2(11) check(sex='Male' or sex='Female'), salary number(7,2) default 15000);

Table created.

SQL> describe emp_info;
 Name                                      Null?    Type
 ----------------------------------------- -------- ----------------------------
 EMP_ID                                    NOT NULL NUMBER(3)
 EMP_NAME                                           VARCHAR2(12)
 MANAGER_ID                                NOT NULL NUMBER(3)
 PHONE                                              NUMBER(11)
 SEX                                                VARCHAR2(11)
 SALARY                                             NUMBER(7,2)

SQL> insert into emp_info(emp_id, emp_name, manager_id, phone, sex, salary) values(101, 'Roni', 350, 0198733743, 'Male', 12000);

1 row created.

SQL> insert into emp_info(emp_id, emp_name, manager_id, phone, sex) values(101, 'Runa', 340, 0198343443, 'Female');
insert into emp_info(emp_id, emp_name, manager_id, phone, sex) values(101, 'Runa', 340, 0198343443, 'Female')
*
ERROR at line 1:
ORA-00001: unique constraint (HR.SYS_C007504) violated 


SQL> insert into emp_info(emp_id, emp_name, manager_id, phone, sex) values(102, 'Runa', 340, 0198343443, 'Female');

1 row created.

SQL> create sequence seq_emp
  2  increment by 1
  3  start with 3;

Sequence created.

SQL> insert into emp_info(emp_id, emp_name, manager_id, phone, sex) values(seq_emp.nextval, 'Rumi', 320, 0178343443, 'Female');

1 row created.

SQL> insert into emp_info(emp_id, emp_name, manager_id, phone, sex, salary) values(seq_emp.nextval, 'Raze', 310, 0158343443, 'Male', 17000);

1 row created.

SQL> insert into emp_info(emp_id, emp_name, manager_id, phone, sex, salary) values(seq_emp.nextval, 'Rahim', 360, 0168343443, 'Male', 18000);

1 row created.

SQL> select * from emp_info;

    EMP_ID EMP_NAME     MANAGER_ID      PHONE SEX             SALARY            
---------- ------------ ---------- ---------- ----------- ----------            
       101 Roni                350  198733743 Male             12000            
       102 Runa                340  198343443 Female           15000            
         3 Rumi                320  178343443 Female           15000            
         4 Raze                310  158343443 Male             17000            
         5 Rahim               360  168343443 Male             18000            

SQL> create sequence seq_emp_info
  2  increment by 1
  3  start with 303;

Sequence created.

SQL> update emp_info set emp_id = seq_emp_info where emp_id = 3;
update emp_info set emp_id = seq_emp_info where emp_id = 3
                             *
ERROR at line 1:
ORA-00904: "SEQ_EMP_INFO": invalid identifier 


SQL> alter table emp_info add constraint emp_dep_fk foreign key (dept_id) references dep_info on delete cascade;
alter table emp_info add constraint emp_dep_fk foreign key (dept_id) references dep_info on delete cascade
                                                            *
ERROR at line 1:
ORA-00904: "DEPT_ID": invalid identifier 


SQL> alter table emp_info add dept_id number(3);

Table altered.

SQL> create table dept_info(dept_id number(3) primary key, dept_name varchar2(12), manager_id, dep_location);
create table dept_info(dept_id number(3) primary key, dept_name varchar2(12), manager_id, dep_location)
                                                                              *
ERROR at line 1:
ORA-02263: need to specify the datatype for this column 


SQL> create table dept_info(dept_id number(3) primary key, dept_name varchar2(12), manager_id number(3), dep_location varchar2(12));

Table created.

SQL> alter table emp_info add constraint emp_dep_fk foreign key (dept_id) references dep_info on delete cascade;
alter table emp_info add constraint emp_dep_fk foreign key (dept_id) references dep_info on delete cascade
                                                                                *
ERROR at line 1:
ORA-00942: table or view does not exist 


SQL> alter table emp_info add constraint emp_dep_fk foreign key (dept_id) references dept_info on delete cascade;

Table altered.

SQL> create sequence seq_dep_info
  2  increment by 1
  3  start with 301;

Sequence created.

SQL> describe emp_info;
 Name                                      Null?    Type
 ----------------------------------------- -------- ----------------------------
 EMP_ID                                    NOT NULL NUMBER(3)
 EMP_NAME                                           VARCHAR2(12)
 MANAGER_ID                                NOT NULL NUMBER(3)
 PHONE                                              NUMBER(11)
 SEX                                                VARCHAR2(11)
 SALARY                                             NUMBER(7,2)
 DEPT_ID                                            NUMBER(3)

SQL> describe dept_info;
 Name                                      Null?    Type
 ----------------------------------------- -------- ----------------------------
 DEPT_ID                                   NOT NULL NUMBER(3)
 DEPT_NAME                                          VARCHAR2(12)
 MANAGER_ID                                         NUMBER(3)
 DEP_LOCATION                                       VARCHAR2(12)

SQL> insert into dept_info(dept_id, dept_name, manager_id, dep_location) values(seq_dep_info.nextval, 'Accounting', 320,'Dhaka');

1 row created.

SQL> insert into dept_info(dept_id, dept_name, manager_id, dep_location) values(seq_dep_info.nextval, 'Marketing', 340,'Barisal');

1 row created.

SQL> insert into dept_info(dept_id, dept_name, manager_id, dep_location) values(seq_dep_info.nextval, 'Programming', 370,'Khulna');

1 row created.

SQL> insert into dept_info(dept_id, dept_name, manager_id, dep_location) values(seq_dep_info.nextval, 'Management', 390,'Chadpur');

1 row created.

SQL> insert into dept_info(dept_id, dept_name, manager_id, dep_location) values(seq_dep_info.nextval, 'Finance', 330,'Shylet');

1 row created.

SQL> select * from dept_info;

   DEPT_ID DEPT_NAME    MANAGER_ID DEP_LOCATION                                 
---------- ------------ ---------- ------------                                 
       301 Accounting          320 Dhaka                                        
       302 Marketing           340 Barisal                                      
       303 Programming         370 Khulna                                       
       304 Management          390 Chadpur                                      
       305 Finance             330 Shylet                                       

SQL> select * from emp_info;

    EMP_ID EMP_NAME     MANAGER_ID      PHONE SEX             SALARY    DEPT_ID 
---------- ------------ ---------- ---------- ----------- ---------- ---------- 
       101 Roni                350  198733743 Male             12000            
       102 Runa                340  198343443 Female           15000            
         3 Rumi                320  178343443 Female           15000            
         4 Raze                310  158343443 Male             17000            
         5 Rahim               360  168343443 Male             18000            

SQL> update emp_info set dept_id= 301 where emp_id=101;

1 row updated.

SQL> update emp_info set dept_id= 305 where emp_id=102;

1 row updated.

SQL> select * from emp_info;

    EMP_ID EMP_NAME     MANAGER_ID      PHONE SEX             SALARY    DEPT_ID 
---------- ------------ ---------- ---------- ----------- ---------- ---------- 
       101 Roni                350  198733743 Male             12000        301 
       102 Runa                340  198343443 Female           15000        305 
         3 Rumi                320  178343443 Female           15000            
         4 Raze                310  158343443 Male             17000            
         5 Rahim               360  168343443 Male             18000            

SQL> create view vw_e_d (emp_id, emp_name, dept_id, phone, sex,salary) as select e.emp_id, e.emp_name, e.dept_id, e.phone, e.sex,e.salary from emp_info e join dept_info d using(manager_id);

View created.

SQL> select emp_name, phone, dept_name from vw_e_d where sex ='Female';
select emp_name, phone, dept_name from vw_e_d where sex ='Female'
                        *
ERROR at line 1:
ORA-00904: "DEPT_NAME": invalid identifier 


SQL> drop view vw_e_d;

View dropped.

SQL> create view vw_e_d (emp_id, emp_name, dept_id, phone, sex, salary, dept_name ) as select e.emp_id, e.emp_name, e.dept_id, e.phone, e.sex,e.salary, e.dept_name from emp_info e join dept_info d using(manager_id);
create view vw_e_d (emp_id, emp_name, dept_id, phone, sex, salary, dept_name ) as select e.emp_id, e.emp_name, e.dept_id, e.phone, e.sex,e.salary, e.dept_name from emp_info e join dept_info d using(manager_id)
                                                                                                                                                   *
ERROR at line 1:
ORA-00904: "E"."DEPT_NAME": invalid identifier 


SQL> create view vw_e_d (emp_id, emp_name, dept_id, phone, sex, salary, dept_name ) as select e.emp_id, e.emp_name, e.dept_id, e.phone, e.sex,e.salary, d.dept_name from emp_info e join dept_info d using(manager_id);

View created.

SQL> select emp_name, phone, dept_name from vw_e_d where sex ='Female';

EMP_NAME          PHONE DEPT_NAME                                               
------------ ---------- ------------                                            
Rumi          178343443 Accounting                                              
Runa          198343443 Marketing                                               

SQL> create table dep_backup as select * from dept_info;

Table created.

SQL> create or replace trigger dept_af_ins on dept_info for each row
  2  declare
  3  begin
  4  insert into dep_backup(dept_id, dept-name, manager_id, dep_location) values(:new.dept_id, :new.dept-name, :new.manager_id, :new.dep_location);
  5  dbms_output.put_line('trigger successful');
  6  end;
  7  /
create or replace trigger dept_af_ins on dept_info for each row
                                      *
ERROR at line 1:
ORA-04071: missing BEFORE, AFTER or INSTEAD OF keyword 


SQL> create or replace trigger dept_af_ins after insert on dept_info for each row
  2  declare
  3  begin
  4  insert into dep_backup(dept_id, dept-name, manager_id, dep_location) values(:new.dept_id, :new.dept-name, :new.manager_id, :new.dep_location);
  5  dbms_output.put_line('trigger successful');
  6  end;
  7  /

Warning: Trigger created with compilation errors.

SQL> create or replace trigger dept_af_ins after insert on dept_info for each row
  2  declare
  3  begin
  4  insert into dep_backup(dept_id, dept_name, manager_id, dep_location) values(:new.dept_id, :new.dept_name, :new.manager_id, :new.dep_location);
  5  dbms_output.put_line('trigger successful');
  6  end;
  7  /

Trigger created.

SQL> create or replace trigger dept_af_up after update on dept_info for each row
  2  declare
  3  begin
  4  update dep_backup set dept_name=:new.dept_name, manager_id=:new.manager_id, dep_location=:new.dep_location where dept_id=:new.dept_id;
  5  dbms_output.put_line('trigger successful');
  6  end;
  7  /

Trigger created.

SQL> create or replace trigger dept_af_del after delete on dept_info for each row
  2  declare
  3  begin
  4  delete dep_backup where dept_id=:new.dept_id;
  5  dbms_output.put_line('trigger successful');
  6  end;
  7  /

Trigger created.

SQL> create or replace procedure pro_dep_ins(
  2  d_dept_id in dept_info.dept_id%type,
  3  d_dept_name in dept_info.dept_name%type,
  4  d_manager_id in dept_info.manager_id%type,
  5  d_dep_location in dept_info.dep_location%type)
  6  is
  7  begin
  8  insert into dept_info(dept_id, dept_name, manager_id, dep_location) values(d_dept_id, d_dept_name, d_manager_id, d_dep_location);
  9  end;
 10  /

Procedure created.

SQL> create or replace procedure pro_dep_up(
  2  d_dept_id in dept_info.dept_id%type,
  3  d_dept_name in dept_info.dept_name%type,
  4  d_manager_id in dept_info.manager_id%type,
  5  d_dep_location in dept_info.dep_location%type)
  6  is
  7  begin
  8  update dept_info set dept_name=d_dept_name, manager_id= d_manager_id, dep_location=d_dep_location where dept_id=d_dept_id;
  9  end;
 10  /

Procedure created.

SQL> create or replace procedure pro_dep_del(
  2  d_dept_id in dept_info.dept_id%type,
  3  d_dept_name in dept_info.dept_name%type,
  4  d_manager_id in dept_info.manager_id%type,
  5  d_dep_location in dept_info.dep_location%type)
  6  is
  7  begin
  8  delete dept_info where dept_id=d_dept_id;
  9  end;
 10  /

Procedure created.

SQL> create or replace trigger dept_af_up after update on dept_info for each row
  2  declare
  3  begin
  4  update dep_backup dept_name=:new.dept_name, manager_id=:new.manager_id, dep_location=:new.dep_location where dept_id:old.dept_id;
  5  dbms_output.put_line('trigger successful');
  6  end;
  7  /

Warning: Trigger created with compilation errors.

SQL> create or replace trigger dept_af_up after update on dept_info for each row
  2  declare
  3  begin
  4  update dep_backup set dept_name=:new.dept_name, manager_id=:new.manager_id, dep_location=:new.dep_location where dept_id:old.dept_id;
  5  dbms_output.put_line('trigger successful');
  6  end;
  7  /

Warning: Trigger created with compilation errors.

SQL> create or replace trigger dept_af_up after update on dept_info for each row
  2  declare
  3  begin
  4  update dep_backup set dept_name=:new.dept_name, manager_id=:new.manager_id, dep_location=:new.dep_location where dept_id=:old.dept_id;
  5  dbms_output.put_line('trigger successful');
  6  end;
  7  /

Trigger created.

SQL> create or replace trigger dept_af_del after delete on dept_info for each row
  2  declare
  3  begin
  4  delete dep_backup  where dept_id=:old.dept_id;
  5  dbms_output.put_line('trigger successful');
  6  end;
  7  /

Trigger created.

SQL> insert into dept_info(dept_id, dept_name, manager_id, dep_location) values(seq_dep.nextval, 'singing' 450, 'depou');
insert into dept_info(dept_id, dept_name, manager_id, dep_location) values(seq_dep.nextval, 'singing' 450, 'depou')
                                                                                                      *
ERROR at line 1:
ORA-00917: missing comma 


SQL> insert into dept_info(dept_id, dept_name, manager_id, dep_location) values(seq_dep.nextval, 'singing', 450, 'depou');
insert into dept_info(dept_id, dept_name, manager_id, dep_location) values(seq_dep.nextval, 'singing', 450, 'depou')
                                                                           *
ERROR at line 1:
ORA-02289: sequence does not exist 


SQL> insert into dept_info(dept_id, dept_name, manager_id, dep_location) values(seq_dep_info.nextval, 'singing', 450, 'depou');

1 row created.

SQL> begin
  2  pro_dep_ins(seq_dep_info.nextval, 'draw', 690, 'tykio');
  3  end
  4  /
end
  *
ERROR at line 3:
ORA-06550: line 3, column 3: 
PLS-00103: Encountered the symbol "end-of-file" when expecting one of the 
following: 
; <an identifier> <a double-quoted delimited-identifier> 
The symbol ";" was substituted for "end-of-file" to continue. 


SQL> begin
  2  pro_dep_ins(seq_dep_info.nextval, 'draw', 690, 'tykio');
  3  end;
  4  /

PL/SQL procedure successfully completed.

SQL> begin
  2  pro_dep_up(305, 'Running', 680, 'tykio');
  3  end;
  4  /

PL/SQL procedure successfully completed.

SQL> begin
  2  pro_dep_del(307, 'draw', 690, 'tykio');
  3  end;
  4  /

PL/SQL procedure successfully completed.

SQL> select * from dept_info;

   DEPT_ID DEPT_NAME    MANAGER_ID DEP_LOCATION                                 
---------- ------------ ---------- ------------                                 
       301 Accounting          320 Dhaka                                        
       302 Marketing           340 Barisal                                      
       303 Programming         370 Khulna                                       
       304 Management          390 Chadpur                                      
       305 Running             680 tykio                                        
       306 singing             450 depou                                        

6 rows selected.

SQL> begin
  2  pro_dep_del(306, 'draw', 690, 'tykio');
  3  end;
  4  /

PL/SQL procedure successfully completed.

SQL> select * from dept_info;

   DEPT_ID DEPT_NAME    MANAGER_ID DEP_LOCATION                                 
---------- ------------ ---------- ------------                                 
       301 Accounting          320 Dhaka                                        
       302 Marketing           340 Barisal                                      
       303 Programming         370 Khulna                                       
       304 Management          390 Chadpur                                      
       305 Running             680 tykio                                        

SQL> insert into dept_info(dept_id, dept_name, manager_id, dep_location) values(seq_dep_info.nextval, 'singing', 450, 'depou');

1 row created.

SQL> update dept_info set dept_name = 'Finance' where dept_id=305;

1 row updated.

SQL> select * from dept_info;

   DEPT_ID DEPT_NAME    MANAGER_ID DEP_LOCATION                                 
---------- ------------ ---------- ------------                                 
       301 Accounting          320 Dhaka                                        
       302 Marketing           340 Barisal                                      
       303 Programming         370 Khulna                                       
       304 Management          390 Chadpur                                      
       305 Finance             680 tykio                                        
       308 singing             450 depou                                        

6 rows selected.

SQL> update dept_info set dept_name = 'Finance' where dept_id=307;

0 rows updated.

SQL> delete dept_info where dept_id=308;

1 row deleted.

SQL> select * from dept_info;

   DEPT_ID DEPT_NAME    MANAGER_ID DEP_LOCATION                                 
---------- ------------ ---------- ------------                                 
       301 Accounting          320 Dhaka                                        
       302 Marketing           340 Barisal                                      
       303 Programming         370 Khulna                                       
       304 Management          390 Chadpur                                      
       305 Finance             680 tykio                                        

SQL> spool off;
